// Jest Snapshot v1, https://goo.gl/fbAQLP

exports[`should match snapshot and display the tutorial when no cookie is set 1`] = `
<div>
  <aside
    class="tutorial mt--0 pt--d pb--d"
  >
    <div
      class="container"
    >
      <button
        class="buttonAsLink"
      >
        Hide how to comment
      </button>
      <div
        class="grid"
      >
        <div
          data-g="12 sm:7"
        >
          <span
            class="h1 pt--c"
          >
            How to comment
          </span>
          <p>
            Please view our 5-minute video on how to use the online commenting system.
          </p>
          <p>
            See how to:
          </p>
          <ul>
            <li>
              Create comments and respond to questions
            </li>
            <li>
              Add, edit and delete comments
            </li>
            <li>
              Create comments specific to sections of the document
            </li>
            <li>
              Review all your feedback before submitting your response
            </li>
          </ul>
        </div>
        <div
          data-g="12 sm:5"
        >
          <div
            class="tutorial__video"
          >
            <iframe
              allow="accelerometer; autoplay; clipboard-write; encrypted-media; gyroscope; picture-in-picture"
              allowfullscreen=""
              frameborder="0"
              src="https://www.youtube.com/embed/DILcZkxVPCY?rel=0"
              title="YouTube video player"
            />
          </div>
        </div>
      </div>
    </div>
  </aside>
</div>
`;

exports[`should match snapshot and display the tutorial when no cookie is set to false 1`] = `
<div>
  <aside
    class="tutorial mt--0 pt--d pb--d"
  >
    <div
      class="container"
    >
      <button
        class="buttonAsLink"
      >
        Show how to comment
      </button>
    </div>
  </aside>
</div>
`;

exports[`should match snapshot and display the tutorial when no cookie is set to true 1`] = `
<div>
  <aside
    class="tutorial mt--0 pt--d pb--d"
  >
    <div
      class="container"
    >
      <button
        class="buttonAsLink"
      >
        Hide how to comment
      </button>
      <div
        class="grid"
      >
        <div
          data-g="12 sm:7"
        >
          <span
            class="h1 pt--c"
          >
            How to comment
          </span>
          <p>
            Please view our 5-minute video on how to use the online commenting system.
          </p>
          <p>
            See how to:
          </p>
          <ul>
            <li>
              Create comments and respond to questions
            </li>
            <li>
              Add, edit and delete comments
            </li>
            <li>
              Create comments specific to sections of the document
            </li>
            <li>
              Review all your feedback before submitting your response
            </li>
          </ul>
        </div>
        <div
          data-g="12 sm:5"
        >
          <div
            class="tutorial__video"
          >
            <iframe
              allow="accelerometer; autoplay; clipboard-write; encrypted-media; gyroscope; picture-in-picture"
              allowfullscreen=""
              frameborder="0"
              src="https://www.youtube.com/embed/DILcZkxVPCY?rel=0"
              title="YouTube video player"
            />
          </div>
        </div>
      </div>
    </div>
  </aside>
</div>
`;
