// Jest Snapshot v1, https://goo.gl/fbAQLP

exports[`[ClientApp]  PhaseBanner  Matches snapshot 1`] = `
<div
  className="container phase-banner-container"
>
  <div
    className="grid"
  >
    <div
      data-g="12"
    >
      <aside
        className="phase-banner mt--b"
      >
        <span
          className="phase-banner__tag"
        >
          <span
            className="tag tag--impact tag--beta"
          >
            delta
          </span>
        </span>
        <span
          className="phase-banner__label"
        >
          My Project
           is in development, which means that some features may not work fully.
           
          <a
            href="/get-involved/contact-us"
            rel="noopener noreferrer"
            target="_blank"
          >
            Report an issue
          </a>
        </span>
      </aside>
    </div>
  </div>
</div>
`;
