{
    "commentsAndQuestions":{
        "comments":[
            {
                "commentId":"scrubbed by ScrubCommentId",
                "lastModifiedDate":"scrubbed by ScrubLastModifiedDate",
                "lastModifiedByUserId":"00000000-0000-0000-0000-000000000000",
                "commentText":"My Second Comment",
                "status":{
                    "statusId":1,
                    "name":"Draft"
                },
                "statusId":1,
                "commenterEmail":null,
                "commentId":"scrubbed by ScrubLocationId",
                "sourceURI":"consultations://./consultation/1/document/1/chapter/introduction",
                "htmlElementID":null,
                "rangeStart":null,
                "rangeStartOffset":null,
                "rangeEnd":null,
                "rangeEndOffset":null,
                "quote":null,
                "commentOn":"Chapter",
                "commentOnEnum":2,
                "documentId":1,
                "show":true,
                "order":"0",
                "sectionHeader":null,
                "sectionNumber":null
            },
            {
                "commentId":"scrubbed by ScrubCommentId",
                "lastModifiedDate":"scrubbed by ScrubLastModifiedDate",
                "lastModifiedByUserId":"00000000-0000-0000-0000-000000000000",
                "commentText":"My Comment",
                "status":{
                    "statusId":1,
                    "name":"Draft"
                },
                "statusId":1,
                "commenterEmail":null,
                "commentId":"scrubbed by ScrubLocationId",
                "sourceURI":"consultations://./consultation/1/document/1/chapter/introduction",
                "htmlElementID":null,
                "rangeStart":null,
                "rangeStartOffset":null,
                "rangeEnd":null,
                "rangeEndOffset":null,
                "quote":null,
                "commentOn":"Chapter",
                "commentOnEnum":2,
                "documentId":1,
                "show":true,
                "order":"0",
                "sectionHeader":null,
                "sectionNumber":null
            }
        ],
        "questions":[
            {
                "questionId":"scrubbed by ScrubQuestionId",
                "questionText":"question 2",
                "questionTypeId":"scrubbed by ScrubQuestionTypeId",
                "lastModifiedByUserId":"00000000-0000-0000-0000-000000000000",
                "lastModifiedDate":"scrubbed by ScrubLastModifiedDate",
                "questionType":{
                    "questionTypeId":"scrubbed by ScrubQuestionTypeId",
                    "type":"YesNo",
                    "description":"A yes / no answer without a text answer",
                    "hasTextAnswer":true,
                    "hasBooleanAnswer":true
                },
                "answers":[
                    {
                        "answerId":"scrubbed by ScrubAnswerId",
                        "answerText":"answer 2",
                        "answerBoolean":null,
                        "questionId":"scrubbed by ScrubQuestionId",
                        "lastModifiedDate":"scrubbed by ScrubLastModifiedDate",
                        "lastModifiedByUserId":null,
                        "statusId":1,
                        "status":{
                            "statusId":1,
                            "name":"Draft"
                        },
                        "sourceURI":"consultations://./consultation/1/document/1/chapter/introduction",
                        "commenterEmail":null,
                        "showWhenFiltered":true
                    }
                ],
                "commentId":"scrubbed by ScrubLocationId",
                "sourceURI":"consultations://./consultation/1/document/1/chapter/introduction",
                "htmlElementID":null,
                "rangeStart":null,
                "rangeStartOffset":null,
                "rangeEnd":null,
                "rangeEndOffset":null,
                "quote":null,
                "commentOn":"Chapter",
                "commentOnEnum":2,
                "documentId":1,
                "show":true,
                "order":"0",
                "sectionHeader":null,
                "sectionNumber":null
            },
            {
                "questionId":"scrubbed by ScrubQuestionId",
                "questionText":"question 1",
                "questionTypeId":"scrubbed by ScrubQuestionTypeId",
                "lastModifiedByUserId":"00000000-0000-0000-0000-000000000000",
                "lastModifiedDate":"scrubbed by ScrubLastModifiedDate",
                "questionType":{
                    "questionTypeId":"scrubbed by ScrubQuestionTypeId",
                    "type":"YesNo",
                    "description":"A yes / no answer without a text answer",
                    "hasTextAnswer":true,
                    "hasBooleanAnswer":true
                },
                "answers":[
                    {
                        "answerId":"scrubbed by ScrubAnswerId",
                        "answerText":"answer 1",
                        "answerBoolean":null,
                        "questionId":"scrubbed by ScrubQuestionId",
                        "lastModifiedDate":"scrubbed by ScrubLastModifiedDate",
                        "lastModifiedByUserId":null,
                        "statusId":1,
                        "status":{
                            "statusId":1,
                            "name":"Draft"
                        },
                        "sourceURI":"consultations://./consultation/1/document/1/chapter/introduction",
                        "commenterEmail":null,
                        "showWhenFiltered":true
                    }
                ],
                "commentId":"scrubbed by ScrubLocationId",
                "sourceURI":"consultations://./consultation/1/document/1/chapter/introduction",
                "htmlElementID":null,
                "rangeStart":null,
                "rangeStartOffset":null,
                "rangeEnd":null,
                "rangeEndOffset":null,
                "quote":null,
                "commentOn":"Chapter",
                "commentOnEnum":2,
                "documentId":1,
                "show":true,
                "order":"0",
                "sectionHeader":null,
                "sectionNumber":null
            },
            {
                "questionId":"scrubbed by ScrubQuestionId",
                "questionText":"question 3",
                "questionTypeId":"scrubbed by ScrubQuestionTypeId",
                "lastModifiedByUserId":"00000000-0000-0000-0000-000000000000",
                "lastModifiedDate":"scrubbed by ScrubLastModifiedDate",
                "questionType":{
                    "questionTypeId":"scrubbed by ScrubQuestionTypeId",
                    "type":"YesNo",
                    "description":"A yes / no answer without a text answer",
                    "hasTextAnswer":true,
                    "hasBooleanAnswer":true
                },
                "answers":[
                    
                ],
                "commentId":"scrubbed by ScrubLocationId",
                "sourceURI":"consultations://./consultation/1/document/1/chapter/introduction",
                "htmlElementID":null,
                "rangeStart":null,
                "rangeStartOffset":null,
                "rangeEnd":null,
                "rangeEndOffset":null,
                "quote":null,
                "commentOn":"Chapter",
                "commentOnEnum":2,
                "documentId":1,
                "show":true,
                "order":"0",
                "sectionHeader":null,
                "sectionNumber":null
            }
        ],
        "isAuthorised":true,
        "signInURL":"/consultations/account/login?returnUrl=%2Fconsultations%2F1%2Freview",
        "consultationState":{
            "startDate":"2018-04-01T00:00:00",
            "endDate":"2028-05-31T17:00:00",
            "hasQuestions":true,
            "hasUserSuppliedAnswers":true,
            "hasUserSuppliedComments":true,
            "leadHasBeenSentResponse":false,
            "submittedDate":null,
            "documentIdsWhichSupportComments":[
                2,
                2
            ],
            "hasAnyDocumentsSupportingComments":true,
            "consultationIsOpen":true,
            "consultationHasNotStartedYet":false,
            "consultationHasEnded":false,
            "supportsSubmission":true,
            "supportsDownload":true,
            "shouldShowCommentsTab":true,
            "shouldShowQuestionsTab":true
        }
    },
    "filters":[
        {
            "options":[
                {
                    "id":"Questions",
                    "label":"Questions",
                    "isSelected":false,
                    "filteredResultCount":3,
                    "unfilteredResultCount":3
                },
                {
                    "id":"Comments",
                    "label":"Comments",
                    "isSelected":false,
                    "filteredResultCount":2,
                    "unfilteredResultCount":2
                }
            ],
            "id":"Type",
            "title":"Response type"
        },
        {
            "options":[
                
            ],
            "id":"Commenter",
            "title":"Commenters"
        },
        {
            "options":[
                {
                    "id":"2",
                    "label":"Unstable angina and NSTEMI",
                    "isSelected":false,
                    "filteredResultCount":0,
                    "unfilteredResultCount":0
                },
                {
                    "id":"2",
                    "label":"Sinusitis (acute): antimicrobial prescribing",
                    "isSelected":false,
                    "filteredResultCount":0,
                    "unfilteredResultCount":0
                }
            ],
            "id":"Document",
            "title":"Document"
        }
    ],
    "organisationName":null,
    "isLead":false,
    "type":null,
    "document":null,
    "commenter":null,
    "sort":"DocumentAsc"
}