{
    "comments":[
        {
            "commentId":"scrubbed by ScrubCommentId",
            "lastModifiedDate":"scrubbed by ScrubLastModifiedDate",
            "lastModifiedByUserId":"00000000-0000-0000-0000-000000000000",
            "commentText":"comment text",
            "status":{
                "statusId":1,
                "name":"Draft"
            },
            "statusId":1,
            "commenterEmail":null,
            "commentId":"scrubbed by ScrubLocationId",
            "sourceURI":"consultations://./consultation/1/document/1/chapter/introduction",
            "htmlElementID":null,
            "rangeStart":null,
            "rangeStartOffset":null,
            "rangeEnd":null,
            "rangeEndOffset":null,
            "quote":null,
            "commentOn":"Chapter",
            "commentOnEnum":2,
            "documentId":1,
            "show":true,
            "order":"0",
            "sectionHeader":null,
            "sectionNumber":null
        },
        {
            "commentId":"scrubbed by ScrubCommentId",
            "lastModifiedDate":"scrubbed by ScrubLastModifiedDate",
            "lastModifiedByUserId":"00000000-0000-0000-0000-000000000000",
            "commentText":"comment text",
            "status":{
                "statusId":1,
                "name":"Draft"
            },
            "statusId":1,
            "commenterEmail":null,
            "commentId":"scrubbed by ScrubLocationId",
            "sourceURI":"consultations://./consultation/1/document/1/chapter/introduction",
            "htmlElementID":null,
            "rangeStart":null,
            "rangeStartOffset":null,
            "rangeEnd":null,
            "rangeEndOffset":null,
            "quote":null,
            "commentOn":"Chapter",
            "commentOnEnum":2,
            "documentId":1,
            "show":true,
            "order":"0",
            "sectionHeader":null,
            "sectionNumber":null
        },
        {
            "commentId":"scrubbed by ScrubCommentId",
            "lastModifiedDate":"scrubbed by ScrubLastModifiedDate",
            "lastModifiedByUserId":"00000000-0000-0000-0000-000000000000",
            "commentText":"comment text",
            "status":{
                "statusId":1,
                "name":"Draft"
            },
            "statusId":1,
            "commenterEmail":null,
            "commentId":"scrubbed by ScrubLocationId",
            "sourceURI":"consultations://./consultation/1/document/1/chapter/introduction",
            "htmlElementID":null,
            "rangeStart":null,
            "rangeStartOffset":null,
            "rangeEnd":null,
            "rangeEndOffset":null,
            "quote":null,
            "commentOn":"Chapter",
            "commentOnEnum":2,
            "documentId":1,
            "show":true,
            "order":"0",
            "sectionHeader":null,
            "sectionNumber":null
        }
    ],
    "questions":[
        
    ],
    "isAuthorised":true,
    "signInURL":"/consultations/account/login?returnUrl=%2Fconsultations%2Fconsultations%3A%2F%2F.%2Fconsultation%2F1%2Fdocument%2F1%2Fchapter%2Fintroduction",
    "consultationState":{
        "startDate":"2018-04-01T00:00:00",
        "endDate":"2028-05-31T17:00:00",
        "hasQuestions":false,
        "hasUserSuppliedAnswers":false,
        "hasUserSuppliedComments":true,
        "leadHasBeenSentResponse":false,
        "submittedDate":null,
        "documentIdsWhichSupportComments":[
            2,
            2
        ],
        "hasAnyDocumentsSupportingComments":true,
        "consultationIsOpen":true,
        "consultationHasNotStartedYet":false,
        "consultationHasEnded":false,
        "supportsSubmission":true,
        "supportsDownload":true,
        "shouldShowCommentsTab":true,
        "shouldShowQuestionsTab":false
    }
}