// Jest Snapshot v1, https://goo.gl/fbAQLP

exports[`[ClientApp]  Submitted page should match snapshot with supplied data 1`] = `
Array [
  "",
  <div
    className="container"
  >
    <div
      className="grid"
    >
      <div
        data-g="12"
      >
        <nav
          aria-label="Breadcrumbs"
        >
          <p
            className="visually-hidden"
          >
            You are here:
          </p>
          <ol
            className="breadcrumbs"
            itemScope={true}
            itemType="http://schema.org/BreadcrumbList"
          >
            <li
              className="breadcrumbs__crumb"
              itemProp="itemListElement"
              itemScope={true}
              itemType="http://schema.org/ListItem"
              onClick={[Function]}
              role="presentation"
            >
              <a
                href="/"
                itemProp="item"
              >
                <span
                  itemProp="name"
                >
                  Home
                </span>
              </a>
              <meta
                content={0}
                itemProp="position"
              />
            </li>
            <li
              className="breadcrumbs__crumb"
              itemProp="itemListElement"
              itemScope={true}
              itemType="http://schema.org/ListItem"
              onClick={[Function]}
              role="presentation"
            >
              <a
                href="/guidance/indevelopment/gid-ta10232/consultation/"
                itemProp="item"
              >
                <span
                  itemProp="name"
                >
                  Consultation title
                </span>
              </a>
              <meta
                content={1}
                itemProp="position"
              />
            </li>
            <li
              className="breadcrumbs__crumb"
              itemProp="itemListElement"
              itemScope={true}
              itemType="http://schema.org/ListItem"
              onClick={[Function]}
              role="presentation"
            >
              <a
                href="/consultations/1/1/introduction"
                itemProp="item"
              >
                <span
                  itemProp="name"
                >
                  Consultation documents
                </span>
              </a>
              <meta
                content={2}
                itemProp="position"
              />
            </li>
          </ol>
        </nav>
        <main>
          <div
            className="page-header"
          >
            Array [
              <h1
                className="page-header__heading mt--0"
                data-qa-sel="changeable-page-header"
              >
                Response submitted
              </h1>,
              <div
                className="mb--d"
              >
                <p
                  className="container container-full ml--0"
                >
                  <span>
                    <span
                      className="tag tag--open"
                    >
                      Open for comments
                    </span>
                     Open until
                     
                    <time
                      dateTime={"2029-05-31T16:00:00.000Z"}
                    >
                      31 May 2029
                    </time>
                  </span>
                    
                  <a
                    href="/leadinformation"
                    onClick={[Function]}
                  >
                    Request commenting lead permission
                  </a>
                </p>
              </div>,
            ]
            Array [
              Array [
                <h2>
                  Your response was submitted 
                  to Really Cool Org
                   on 
                  <time
                    dateTime={"2019-07-15T13:24:18.473Z"}
                  >
                    15 July 2019
                  </time>
                  .
                </h2>,
                <ul
                  className="list list--unstyled"
                >
                  <li>
                    <a
                      data-qa-sel="review-submitted-comments"
                      href="/1/review"
                      onClick={[Function]}
                    >
                      Review your response
                    </a>
                  </li>
                  <li>
                    <a
                      href="undefined/api/exportexternal/1"
                      onClick={[Function]}
                    >
                      Download submitted response (Excel)
                    </a>
                  </li>
                </ul>,
                <h2>
                  What happens next?
                </h2>,
                <p>
                  Really Cool Org
                   will review all the submissions received for this consultation.
                </p>,
                <p>
                  NICE's response to all the submissions received will be published on the website around the time the final guidance is published.
                </p>,
                <hr />,
              ],
              <h2>
                Help us improve our online commenting service
              </h2>,
              <p>
                This is the first time we have used our new online commenting software. We'd really like to hear your feedback so that we can keep improving it.
              </p>,
              <p>
                Answer our short, anonymous survey (4 questions, 2 minutes).
              </p>,
              <p>
                <a
                  className="btn btn--cta"
                  href="https://surveys.hotjar.com/62df646f-8edb-4c03-8275-3ec8a75d0214"
                  rel="noopener noreferrer"
                  target="_blank"
                >
                  Answer the survey
                </a>
              </p>,
            ]
          </div>
        </main>
      </div>
    </div>
  </div>,
]
`;
