// Jest Snapshot v1, https://goo.gl/fbAQLP

exports[`should match snapshot with supplied data 1`] = `
<div>
  <div
    class="container"
  >
    <div
      class="grid"
    >
      <div
        data-g="12"
      >
        <nav
          aria-label="Breadcrumbs"
        >
          <p
            class="visually-hidden"
          >
            You are here:
          </p>
          <ol
            class="breadcrumbs"
            itemscope=""
            itemtype="http://schema.org/BreadcrumbList"
          >
            <li
              class="breadcrumbs__crumb"
              itemprop="itemListElement"
              itemscope=""
              itemtype="http://schema.org/ListItem"
              role="presentation"
            >
              <a
                href="/"
                itemprop="item"
              >
                <span
                  itemprop="name"
                >
                  Home
                </span>
              </a>
              <meta
                content="0"
                itemprop="position"
              />
            </li>
            <li
              class="breadcrumbs__crumb"
              itemprop="itemListElement"
              itemscope=""
              itemtype="http://schema.org/ListItem"
              role="presentation"
            >
              <a
                href="/guidance/indevelopment/gid-ta10232/consultation/"
                itemprop="item"
              >
                <span
                  itemprop="name"
                >
                  Consultation title
                </span>
              </a>
              <meta
                content="1"
                itemprop="position"
              />
            </li>
            <li
              class="breadcrumbs__crumb"
              itemprop="itemListElement"
              itemscope=""
              itemtype="http://schema.org/ListItem"
              role="presentation"
            >
              <a
                href="/consultations/1/1/introduction"
                itemprop="item"
              >
                <span
                  itemprop="name"
                >
                  Consultation documents
                </span>
              </a>
              <meta
                content="2"
                itemprop="position"
              />
            </li>
          </ol>
        </nav>
        <main>
          <div
            class="page-header"
          >
            <h1
              class="page-header__heading mt--0"
              data-qa-sel="changeable-page-header"
            >
              Response submitted
            </h1>
            <div
              class="mb--d"
            >
              <p
                class="container container-full ml--0"
              >
                <span>
                  <span
                    class="tag tag--open"
                  >
                    Open for comments
                  </span>
                   Open until
                   
                  <time
                    datetime="1874937600000"
                  >
                    31 May 2029
                  </time>
                </span>
                  
                <a
                  href="/leadinformation"
                >
                  Request commenting lead permission
                </a>
              </p>
            </div>
            <h2>
              Your response was submitted 
               on 
              <time
                datetime="1563197058473"
              >
                15 July 2019
              </time>
              .
            </h2>
            <ul
              class="list list--unstyled"
            >
              <li>
                <a
                  data-qa-sel="review-submitted-comments"
                  href="/1/review"
                >
                  Review your response
                </a>
              </li>
              <li>
                <a
                  href="undefined/api/exportexternal/1"
                >
                  Download submitted response (Excel)
                </a>
              </li>
              <li>
                <a
                  href="undefined/api/exportlead/1"
                >
                  Download all responses from your organisation (Excel)
                </a>
              </li>
            </ul>
            <h2>
              What happens next?
            </h2>
            <p>
              We will review all the submissions received for this consultation. Our response will be published on the website around the time the guidance is published.
            </p>
            <hr />
            <h2>
              Help us improve our online commenting service
            </h2>
            <p>
              This is the first time we have used our new online commenting software. We'd really like to hear your feedback so that we can keep improving it.
            </p>
            <p>
              Answer our short, anonymous survey (4 questions, 2 minutes).
            </p>
            <p>
              <a
                class="btn btn--cta"
                href="https://surveys.hotjar.com/62df646f-8edb-4c03-8275-3ec8a75d0214"
                rel="noopener noreferrer"
                target="_blank"
              >
                Answer the survey
              </a>
            </p>
          </div>
        </main>
      </div>
    </div>
  </div>
</div>
`;
